2026-17-01 22:52:09   INFO [org.tests.FilterForFilms] : Browser was opened
2026-17-01 22:52:09   INFO [org.tests.FilterForFilms] : Test for filter films started
2026-17-01 22:52:15  ERROR [org.pages.elements.HeaderOfSite] : Error while working with element
2026-17-01 22:52:15   INFO [org.tests.FilterForFilms] : Browser was closed
2026-17-01 22:53:52   INFO [org.tests.FilterForFilms] : Browser was opened
2026-17-01 22:53:52   INFO [org.tests.FilterForFilms] : Test for filter films started
2026-17-01 22:53:57  ERROR [org.pages.elements.HeaderOfSite] : Error while working with element
2026-17-01 22:53:57   INFO [org.tests.FilterForFilms] : Browser was closed
2026-17-01 22:58:00   INFO [org.tests.FilterForFilms] : Browser was opened
2026-17-01 22:58:00   INFO [org.tests.FilterForFilms] : Test for filter films started
2026-17-01 22:58:05  ERROR [org.pages.elements.HeaderOfSite] : Error while working with element
2026-17-01 22:58:05   INFO [org.tests.FilterForFilms] : Browser was closed
2026-17-01 22:59:28   INFO [org.tests.FilterForFilms] : Browser was opened
2026-17-01 22:59:28   INFO [org.tests.FilterForFilms] : Test for filter films started
2026-17-01 23:00:00   INFO [org.pages.HomePage] : Login page was opened by url https://fotovramci.com/
2026-20-01 13:14:34   INFO [org.tests.FilterForFilms] : Browser was opened
2026-20-01 13:14:34   INFO [org.tests.FilterForFilms] : Test for filter films started
2026-20-01 13:15:03   INFO [org.pages.HomePage] : Login page was opened by url https://fotovramci.com/
2026-20-01 13:15:05   INFO [org.tests.FilterForFilms] : Test for filter films completed
2026-20-01 13:15:05   INFO [org.tests.FilterForFilms] : Browser was closed
2026-20-01 13:18:35   INFO [org.tests.FilterForFilms] : Browser was opened
2026-20-01 13:18:35   INFO [org.tests.FilterForFilms] : Test for filter films started
2026-20-01 13:19:04   INFO [org.pages.HomePage] : Login page was opened by url https://fotovramci.com/
2026-20-01 13:19:05   INFO [org.tests.FilterForFilms] : Test for filter films completed
2026-20-01 13:19:06   INFO [org.tests.FilterForFilms] : Browser was closed
2026-20-01 13:39:31   INFO [org.tests.FilterForFilms] : Browser was opened
2026-20-01 13:39:31   INFO [org.tests.FilterForFilms] : Test for filter films started
2026-20-01 13:39:59   INFO [org.pages.HomePage] : Login page was opened by url https://fotovramci.com/
2026-20-01 13:40:07  ERROR [org.pages.HomePage] : Error while working with element
2026-20-01 13:40:07   INFO [org.tests.FilterForFilms] : Browser was closed
2026-20-01 14:06:08   INFO [org.tests.FilterForFilms] : Browser was opened
2026-20-01 14:06:08   INFO [org.tests.FilterForFilms] : Test for filter films started
2026-20-01 14:06:38   INFO [org.pages.HomePage] : Login page was opened by url https://fotovramci.com/
2026-20-01 14:06:39   INFO [org.pages.elements.HeaderOfSite] : Hovered over element
2026-20-01 14:06:50   INFO [org.tests.FilterForFilms] : Browser was closed
2026-20-01 14:13:11   INFO [org.tests.FilterForFilms] : Browser was opened
2026-20-01 14:13:11   INFO [org.tests.FilterForFilms] : Test for filter films started
2026-20-01 14:13:41   INFO [org.pages.HomePage] : Login page was opened by url https://fotovramci.com/
2026-20-01 14:13:42   INFO [org.pages.elements.HeaderOfSite] : Hovered over element
2026-20-01 14:13:42   INFO [org.pages.elements.HeaderOfSite] : Hover on Kupyty button
2026-20-01 14:13:53   INFO [org.tests.FilterForFilms] : Browser was closed
2026-20-01 14:19:57   INFO [org.tests.FilterForFilms] : Browser was opened
2026-20-01 14:19:57   INFO [org.tests.FilterForFilms] : Test for filter films started
2026-20-01 14:20:29   INFO [org.pages.HomePage] : Login page was opened by url https://fotovramci.com/
2026-20-01 14:20:35  ERROR [org.pages.elements.HeaderOfSite] : Error while working with element
2026-20-01 14:20:35   INFO [org.tests.FilterForFilms] : Browser was closed
2026-20-01 14:57:01   INFO [org.tests.FilterForFilms] : Browser was opened
2026-20-01 14:57:01   INFO [org.tests.FilterForFilms] : Test for filter films started
2026-20-01 14:57:29   INFO [org.pages.HomePage] : Login page was opened by url https://fotovramci.com/
2026-20-01 14:57:31   INFO [org.pages.elements.HeaderOfSite] : Hovered over element
2026-20-01 14:57:36   INFO [org.tests.FilterForFilms] : Browser was closed
2026-25-01 16:19:20   INFO [org.tests.FilterForFilms] : Browser was opened
2026-25-01 16:19:20   INFO [org.tests.FilterForFilms] : Test for filter films started
2026-25-01 16:19:30   INFO [org.pages.HomePage] : Login page was opened by url https://fotovramci.com/
2026-25-01 16:19:30   INFO [org.pages.elements.HeaderOfSite] : Hovered over element
2026-25-01 16:19:36   INFO [org.tests.FilterForFilms] : Browser was closed
2026-25-01 16:28:25   INFO [org.tests.FilterForFilms] : Browser was opened
2026-25-01 16:28:25   INFO [org.tests.FilterForFilms] : Test for filter films started
2026-25-01 16:28:29   INFO [org.pages.HomePage] : Login page was opened by url https://fotovramci.com/
2026-25-01 16:28:29   INFO [org.pages.elements.HeaderOfSite] : Hovered over element
2026-25-01 16:28:51   INFO [org.tests.FilterForFilms] : Browser was closed
2026-25-01 16:32:53   INFO [org.tests.FilterForFilms] : Browser was opened
2026-25-01 16:32:53   INFO [org.tests.FilterForFilms] : Test for filter films started
2026-25-01 16:32:58   INFO [org.pages.HomePage] : Login page was opened by url https://fotovramci.com/
2026-25-01 16:32:58   INFO [org.pages.elements.HeaderOfSite] : Hovered over element
2026-25-01 16:33:15   INFO [org.tests.FilterForFilms] : Browser was closed
2026-25-01 16:37:07   INFO [org.tests.FilterForFilms] : Browser was opened
2026-25-01 16:37:07   INFO [org.tests.FilterForFilms] : Test for filter films started
2026-25-01 16:37:11   INFO [org.pages.HomePage] : Login page was opened by url https://fotovramci.com/
2026-25-01 16:37:11   INFO [org.pages.elements.HeaderOfSite] : Hovered over element
2026-25-01 16:37:11   INFO [org.pages.elements.HeaderOfSite] : Hovered over element
2026-25-01 16:37:16   INFO [org.tests.FilterForFilms] : Browser was closed
2026-25-01 16:39:01   INFO [org.tests.FilterForFilms] : Browser was opened
2026-25-01 16:39:01   INFO [org.tests.FilterForFilms] : Test for filter films started
2026-25-01 16:39:05   INFO [org.pages.HomePage] : Login page was opened by url https://fotovramci.com/
2026-25-01 16:39:05   INFO [org.pages.elements.HeaderOfSite] : Hovered over element
2026-25-01 16:39:06   INFO [org.pages.elements.HeaderOfSite] : Hovered over element
2026-25-01 16:39:11   INFO [org.tests.FilterForFilms] : Browser was closed
2026-25-01 17:03:33   INFO [org.tests.FilterForFilms] : Browser was opened
2026-25-01 17:03:33   INFO [org.tests.FilterForFilms] : Test for filter films started
2026-25-01 17:03:37   INFO [org.pages.HomePage] : Login page was opened by url https://fotovramci.com/
2026-25-01 17:03:37   INFO [org.pages.elements.HeaderOfSite] : Hovered over element
2026-25-01 17:03:49   INFO [org.tests.FilterForFilms] : Browser was closed
2026-25-01 17:05:07   INFO [org.tests.FilterForFilms] : Browser was opened
2026-25-01 17:05:07   INFO [org.tests.FilterForFilms] : Test for filter films started
2026-25-01 17:05:11   INFO [org.pages.HomePage] : Login page was opened by url https://fotovramci.com/
2026-25-01 17:05:11   INFO [org.pages.elements.HeaderOfSite] : Hovered over element
2026-25-01 17:05:13   INFO [org.tests.FilterForFilms] : Test for filter films completed
2026-25-01 17:05:13   INFO [org.tests.FilterForFilms] : Browser was closed
2026-25-01 17:18:18   INFO [org.tests.FilterForFilms] : Browser was opened
2026-25-01 17:18:18   INFO [org.tests.FilterForFilms] : Test for filter films started
2026-25-01 17:18:24   INFO [org.pages.HomePage] : Login page was opened by url https://fotovramci.com/
2026-25-01 17:18:24   INFO [org.pages.elements.HeaderOfSite] : Hovered over element
2026-25-01 17:18:26   INFO [org.tests.FilterForFilms] : Test for filter films completed
2026-25-01 17:18:26   INFO [org.tests.FilterForFilms] : Browser was closed
2026-25-01 17:29:38   INFO [org.tests.FilterForFilms] : Browser was opened
2026-25-01 17:29:38   INFO [org.tests.FilterForFilms] : Test for filter films started
2026-25-01 17:29:43   INFO [org.pages.HomePage] : Login page was opened by url https://fotovramci.com/
2026-25-01 17:29:43   INFO [org.pages.elements.HeaderOfSite] : Hovered over element
2026-25-01 17:29:59   INFO [org.tests.FilterForFilms] : Browser was closed
2026-25-01 17:31:08   INFO [org.tests.FilterForFilms] : Browser was opened
2026-25-01 17:31:08   INFO [org.tests.FilterForFilms] : Test for filter films started
2026-25-01 17:31:12   INFO [org.pages.HomePage] : Login page was opened by url https://fotovramci.com/
2026-25-01 17:31:12   INFO [org.pages.elements.HeaderOfSite] : Hovered over element
2026-25-01 17:31:13   INFO [org.pages.elements.HeaderOfSite] : Element was clicked
2026-25-01 17:31:13   INFO [org.tests.FilterForFilms] : Test for filter films completed
2026-25-01 17:31:14   INFO [org.tests.FilterForFilms] : Browser was closed
2026-25-01 17:36:18   INFO [org.tests.FilterForFilms] : Browser was opened
2026-25-01 17:36:18   INFO [org.tests.FilterForFilms] : Test for filter films started
2026-25-01 17:36:24   INFO [org.pages.HomePage] : Login page was opened by url https://fotovramci.com/
2026-25-01 17:36:24   INFO [org.pages.elements.HeaderOfSite] : Hovered over element
2026-25-01 17:36:26   INFO [org.pages.elements.HeaderOfSite] : Element was clicked
2026-25-01 17:36:26   INFO [org.tests.FilterForFilms] : Browser was closed
2026-25-01 17:37:28   INFO [org.tests.FilterForFilms] : Browser was opened
2026-25-01 17:37:28   INFO [org.tests.FilterForFilms] : Test for filter films started
2026-25-01 17:37:32   INFO [org.pages.HomePage] : Login page was opened by url https://fotovramci.com/
2026-25-01 17:37:32   INFO [org.pages.elements.HeaderOfSite] : Hovered over element
2026-25-01 17:37:33   INFO [org.pages.elements.HeaderOfSite] : Element was clicked
2026-25-01 17:37:34   INFO [org.tests.FilterForFilms] : Browser was closed
2026-25-01 17:38:11   INFO [org.tests.FilterForFilms] : Browser was opened
2026-25-01 17:38:11   INFO [org.tests.FilterForFilms] : Test for filter films started
2026-25-01 17:38:15   INFO [org.pages.HomePage] : Login page was opened by url https://fotovramci.com/
2026-25-01 17:38:16   INFO [org.pages.elements.HeaderOfSite] : Hovered over element
2026-25-01 17:38:17   INFO [org.pages.elements.HeaderOfSite] : Element was clicked
2026-25-01 17:38:17   INFO [org.tests.FilterForFilms] : Test for filter films completed
2026-25-01 17:38:17   INFO [org.tests.FilterForFilms] : Browser was closed
2026-25-01 17:39:57   INFO [org.tests.FilterForFilms] : Browser was opened
2026-25-01 17:39:57   INFO [org.tests.FilterForFilms] : Test for filter films started
2026-25-01 17:40:02   INFO [org.pages.HomePage] : Login page was opened by url https://fotovramci.com/
2026-25-01 17:40:03   INFO [org.pages.elements.HeaderOfSite] : Hovered over element
2026-25-01 17:40:04   INFO [org.pages.elements.HeaderOfSite] : Element was clicked
2026-25-01 17:40:04   INFO [org.tests.FilterForFilms] : Test for filter films completed
2026-25-01 17:40:04   INFO [org.tests.FilterForFilms] : Browser was closed
2026-25-01 17:43:38   INFO [org.tests.FilterForFilms] : Browser was opened
2026-25-01 17:43:38   INFO [org.tests.FilterForFilms] : Test for filter films started
2026-25-01 17:43:44   INFO [org.pages.HomePage] : Login page was opened by url https://fotovramci.com/
2026-25-01 17:43:45   INFO [org.pages.elements.HeaderOfSite] : Hovered over element
2026-25-01 17:43:46   INFO [org.pages.elements.HeaderOfSite] : '' element was clicked
2026-25-01 17:43:46   INFO [org.tests.FilterForFilms] : Test for filter films completed
2026-25-01 17:43:47   INFO [org.tests.FilterForFilms] : Browser was closed
2026-25-01 17:50:51   INFO [org.tests.FilterForFilms] : Browser was opened
2026-25-01 17:50:51   INFO [org.tests.FilterForFilms] : Test for filter films started
2026-25-01 17:50:56   INFO [org.pages.HomePage] : Login page was opened by url https://fotovramci.com/
2026-25-01 17:50:57   INFO [org.pages.elements.HeaderOfSite] : Hovered over element
2026-25-01 17:50:58   INFO [org.pages.elements.HeaderOfSite] : Element was clicked
2026-25-01 17:51:08  ERROR [org.pages.PlivkaPage] : Error while working with element
2026-25-01 17:51:09   INFO [org.tests.FilterForFilms] : Browser was closed
2026-25-01 17:54:36   INFO [org.tests.FilterForFilms] : Browser was opened
2026-25-01 17:54:36   INFO [org.tests.FilterForFilms] : Test for filter films started
2026-25-01 17:54:41   INFO [org.pages.HomePage] : Login page was opened by url https://fotovramci.com/
2026-25-01 17:54:41   INFO [org.pages.elements.HeaderOfSite] : Hovered over element
2026-25-01 17:54:43   INFO [org.pages.elements.HeaderOfSite] : Element was clicked
2026-25-01 17:54:43  ERROR [org.pages.PlivkaPage] : Error while working with element
2026-25-01 17:54:43   INFO [org.tests.FilterForFilms] : Browser was closed
2026-25-01 18:00:41   INFO [org.tests.FilterForFilms] : Browser was opened
2026-25-01 18:00:41   INFO [org.tests.FilterForFilms] : Test for filter films started
2026-25-01 18:00:46   INFO [org.pages.HomePage] : Login page was opened by url https://fotovramci.com/
2026-25-01 18:00:46   INFO [org.pages.elements.HeaderOfSite] : Hovered over element
2026-25-01 18:00:47   INFO [org.pages.elements.HeaderOfSite] : Element was clicked
2026-25-01 18:00:47   INFO [org.pages.PlivkaPage] : Element was clicked
2026-25-01 18:00:47   INFO [org.pages.PlivkaPage] : Element was clicked
2026-25-01 18:00:47   INFO [org.pages.PlivkaPage] : 135mm format selected
2026-25-01 18:00:47   INFO [org.tests.FilterForFilms] : Test for filter films completed
2026-25-01 18:00:48   INFO [org.tests.FilterForFilms] : Browser was closed
2026-25-01 18:11:29   INFO [org.tests.FilterForFilms] : Browser was opened
2026-25-01 18:11:29   INFO [org.tests.FilterForFilms] : Test for filter films started
2026-25-01 18:11:35   INFO [org.pages.HomePage] : Login page was opened by url https://fotovramci.com/
2026-25-01 18:11:35   INFO [org.pages.elements.HeaderOfSite] : Hovered over element
2026-25-01 18:11:37   INFO [org.pages.elements.HeaderOfSite] : Element was clicked
2026-25-01 18:11:37   INFO [org.pages.PlivkaPage] : Element was clicked
2026-25-01 18:11:37   INFO [org.pages.PlivkaPage] : Format selector clicked
2026-25-01 18:11:37   INFO [org.pages.PlivkaPage] : Element was clicked
2026-25-01 18:11:37   INFO [org.pages.PlivkaPage] : 135mm format selected
2026-25-01 18:11:38   INFO [org.pages.PlivkaPage] : Text in element matches expected text: 135 тип (35 мм)
2026-25-01 18:11:38   INFO [org.pages.PlivkaPage] : 135mm format is displayed as selected
2026-25-01 18:11:38   INFO [org.tests.FilterForFilms] : Test for filter films completed
2026-25-01 18:11:38   INFO [org.tests.FilterForFilms] : Browser was closed
2026-25-01 18:12:46   INFO [org.tests.FilterForFilms] : Browser was opened
2026-25-01 18:12:46   INFO [org.tests.FilterForFilms] : Test for filter films started
2026-25-01 18:12:49   INFO [org.pages.HomePage] : Login page was opened by url https://fotovramci.com/
2026-25-01 18:12:50   INFO [org.pages.elements.HeaderOfSite] : Hovered over element
2026-25-01 18:12:51   INFO [org.pages.elements.HeaderOfSite] : Element was clicked
2026-25-01 18:12:51   INFO [org.pages.PlivkaPage] : Element was clicked
2026-25-01 18:12:51   INFO [org.pages.PlivkaPage] : Format selector clicked
2026-25-01 18:12:51   INFO [org.pages.PlivkaPage] : Element was clicked
2026-25-01 18:12:51   INFO [org.pages.PlivkaPage] : 135mm format selected
2026-25-01 18:12:52   INFO [org.pages.PlivkaPage] : Text in element matches expected text: Формат
2026-25-01 18:12:52   INFO [org.pages.PlivkaPage] : 135mm format is displayed as selected
2026-25-01 18:12:52   INFO [org.pages.PlivkaPage] : Text in element matches expected text: 135 тип (35 мм)
2026-25-01 18:12:52   INFO [org.pages.PlivkaPage] : 135mm format is displayed as selected
2026-25-01 18:12:52   INFO [org.tests.FilterForFilms] : Test for filter films completed
2026-25-01 18:12:52   INFO [org.tests.FilterForFilms] : Browser was closed
2026-25-01 18:39:44   INFO [org.tests.FilterForFilms] : Browser was opened
2026-25-01 18:39:44   INFO [org.tests.FilterForFilms] : Test for filter films started
2026-25-01 18:39:49   INFO [org.pages.HomePage] : Login page was opened by url https://fotovramci.com/
2026-25-01 18:39:50   INFO [org.pages.elements.HeaderOfSite] : Hovered over element
2026-25-01 18:39:51   INFO [org.pages.elements.HeaderOfSite] : Element was clicked
2026-25-01 18:39:51   INFO [org.pages.PlivkaPage] : Element was clicked
2026-25-01 18:39:51   INFO [org.pages.PlivkaPage] : Format selector clicked
2026-25-01 18:39:51   INFO [org.pages.PlivkaPage] : Element was clicked
2026-25-01 18:39:51   INFO [org.pages.PlivkaPage] : 135mm format selected
2026-25-01 18:39:51   INFO [org.tests.FilterForFilms] : Browser was closed
2026-25-01 18:41:48   INFO [org.tests.FilterForFilms] : Browser was opened
2026-25-01 18:41:48   INFO [org.tests.FilterForFilms] : Test for filter films started
2026-25-01 18:41:52   INFO [org.pages.HomePage] : Login page was opened by url https://fotovramci.com/
2026-25-01 18:41:52   INFO [org.pages.elements.HeaderOfSite] : Hovered over element
2026-25-01 18:41:54   INFO [org.pages.elements.HeaderOfSite] : Element was clicked
2026-25-01 18:41:54   INFO [org.pages.PlivkaPage] : Element was clicked
2026-25-01 18:41:54   INFO [org.pages.PlivkaPage] : Format selector clicked
2026-25-01 18:41:54   INFO [org.pages.PlivkaPage] : Element was clicked
2026-25-01 18:41:54   INFO [org.pages.PlivkaPage] : 135mm format selected
2026-25-01 18:41:55   INFO [org.tests.FilterForFilms] : Browser was closed
2026-25-01 18:42:41   INFO [org.tests.FilterForFilms] : Browser was opened
2026-25-01 18:42:41   INFO [org.tests.FilterForFilms] : Test for filter films started
2026-25-01 18:42:45   INFO [org.pages.HomePage] : Login page was opened by url https://fotovramci.com/
2026-25-01 18:42:45   INFO [org.pages.elements.HeaderOfSite] : Hovered over element
2026-25-01 18:42:47   INFO [org.pages.elements.HeaderOfSite] : Element was clicked
2026-25-01 18:42:47   INFO [org.pages.PlivkaPage] : Element was clicked
2026-25-01 18:42:47   INFO [org.pages.PlivkaPage] : Format selector clicked
2026-25-01 18:42:47   INFO [org.pages.PlivkaPage] : Element was clicked
2026-25-01 18:42:47   INFO [org.pages.PlivkaPage] : 135mm format selected
2026-25-01 18:42:48   INFO [org.tests.FilterForFilms] : Browser was closed
2026-25-01 18:43:29   INFO [org.tests.FilterForFilms] : Browser was opened
2026-25-01 18:43:29   INFO [org.tests.FilterForFilms] : Test for filter films started
2026-25-01 18:43:33   INFO [org.pages.HomePage] : Login page was opened by url https://fotovramci.com/
2026-25-01 18:43:33   INFO [org.pages.elements.HeaderOfSite] : Hovered over element
2026-25-01 18:43:34   INFO [org.pages.elements.HeaderOfSite] : Element was clicked
2026-25-01 18:43:34   INFO [org.pages.PlivkaPage] : Element was clicked
2026-25-01 18:43:34   INFO [org.pages.PlivkaPage] : Format selector clicked
2026-25-01 18:43:34   INFO [org.pages.PlivkaPage] : Element was clicked
2026-25-01 18:43:34   INFO [org.pages.PlivkaPage] : 135mm format selected
2026-25-01 18:43:35   INFO [org.pages.PlivkaPage] : Text in element matches expected text: 135 тип (35 мм)
2026-25-01 18:43:35   INFO [org.pages.PlivkaPage] : Element was clicked
2026-25-01 18:43:35   INFO [org.pages.PlivkaPage] : Format selector clicked
2026-25-01 18:43:35   INFO [org.pages.PlivkaPage] : Element was clicked
2026-25-01 18:43:35   INFO [org.pages.PlivkaPage] : 135mm format selected
2026-25-01 18:43:35   INFO [org.tests.FilterForFilms] : Browser was closed
2026-25-01 18:45:56   INFO [org.tests.FilterForFilms] : Browser was opened
2026-25-01 18:45:56   INFO [org.tests.FilterForFilms] : Test for filter films started
2026-25-01 18:46:00   INFO [org.pages.HomePage] : Login page was opened by url https://fotovramci.com/
2026-25-01 18:46:01   INFO [org.pages.elements.HeaderOfSite] : Hovered over element
2026-25-01 18:46:02   INFO [org.pages.elements.HeaderOfSite] : Element was clicked
2026-25-01 18:46:02   INFO [org.pages.PlivkaPage] : Element was clicked
2026-25-01 18:46:02   INFO [org.pages.PlivkaPage] : Format selector clicked
2026-25-01 18:46:02   INFO [org.pages.PlivkaPage] : Element was clicked
2026-25-01 18:46:02   INFO [org.pages.PlivkaPage] : 135mm format selected
2026-25-01 18:46:02   INFO [org.pages.PlivkaPage] : Text in element matches expected text: 135 тип (35 мм)
2026-25-01 18:46:02   INFO [org.pages.PlivkaPage] : Element was clicked
2026-25-01 18:46:02   INFO [org.pages.PlivkaPage] : Format selector clicked
2026-25-01 18:46:03   INFO [org.pages.PlivkaPage] : Element was clicked
2026-25-01 18:46:03   INFO [org.pages.PlivkaPage] : 135mm format selected
2026-25-01 18:46:03   INFO [org.pages.PlivkaPage] : Text in element matches expected text: Чутливість
2026-25-01 18:46:03   INFO [org.tests.FilterForFilms] : Test for filter films completed
2026-25-01 18:46:03   INFO [org.tests.FilterForFilms] : Browser was closed
2026-25-01 18:57:01   INFO [org.tests.FilterForFilms] : Browser was opened
2026-25-01 18:57:01   INFO [org.tests.FilterForFilms] : Test for filter films started
2026-25-01 18:57:07   INFO [org.pages.HomePage] : Login page was opened by url https://fotovramci.com/
2026-25-01 18:57:07   INFO [org.pages.elements.HeaderOfSite] : Hovered over element
2026-25-01 18:57:09   INFO [org.pages.elements.HeaderOfSite] : Element was clicked
2026-25-01 18:57:09   INFO [org.pages.PlivkaPage] : Element was clicked
2026-25-01 18:57:09   INFO [org.pages.PlivkaPage] : Format selector clicked
2026-25-01 18:57:09   INFO [org.pages.PlivkaPage] : Element was clicked
2026-25-01 18:57:09   INFO [org.pages.PlivkaPage] : 135mm format selected
2026-25-01 18:57:09   INFO [org.pages.PlivkaPage] : Text in element matches expected text: 135 тип (35 мм)
2026-25-01 18:57:09   INFO [org.pages.PlivkaPage] : Element was clicked
2026-25-01 18:57:09   INFO [org.pages.PlivkaPage] : Format selector clicked
2026-25-01 18:57:09   INFO [org.pages.PlivkaPage] : Element was clicked
2026-25-01 18:57:09   INFO [org.pages.PlivkaPage] : 135mm format selected
2026-25-01 18:57:10   INFO [org.pages.PlivkaPage] : Text in element matches expected text: Чутливість
2026-25-01 18:57:10   INFO [org.pages.PlivkaPage] : Product list is not empty. Products found: 30
2026-25-01 18:57:10   INFO [org.tests.FilterForFilms] : Test for filter films completed
2026-25-01 18:57:10   INFO [org.tests.FilterForFilms] : Browser was closed
2026-25-01 18:58:53   INFO [org.tests.FilterForFilms] : Browser was opened
2026-25-01 18:58:53   INFO [org.tests.FilterForFilms] : Test for filter films started
2026-25-01 18:58:58   INFO [org.pages.HomePage] : Login page was opened by url https://fotovramci.com/
2026-25-01 18:58:59   INFO [org.pages.elements.HeaderOfSite] : Hovered over element
2026-25-01 18:59:00   INFO [org.pages.elements.HeaderOfSite] : Element was clicked
2026-25-01 18:59:01   INFO [org.pages.PlivkaPage] : Element was clicked
2026-25-01 18:59:01   INFO [org.pages.PlivkaPage] : Format selector clicked
2026-25-01 18:59:01   INFO [org.pages.PlivkaPage] : Element was clicked
2026-25-01 18:59:01   INFO [org.pages.PlivkaPage] : 135mm format selected
2026-25-01 18:59:01   INFO [org.pages.PlivkaPage] : Text in element matches expected text: 135 тип (35 мм)
2026-25-01 18:59:01   INFO [org.pages.PlivkaPage] : Element was clicked
2026-25-01 18:59:01   INFO [org.pages.PlivkaPage] : Format selector clicked
2026-25-01 18:59:01   INFO [org.pages.PlivkaPage] : Element was clicked
2026-25-01 18:59:01   INFO [org.pages.PlivkaPage] : 135mm format selected
2026-25-01 18:59:02   INFO [org.pages.PlivkaPage] : Text in element matches expected text: 200
2026-25-01 18:59:02   INFO [org.pages.PlivkaPage] : Product list is not empty. Products found: 30
2026-25-01 18:59:02   INFO [org.tests.FilterForFilms] : Test for filter films completed
2026-25-01 18:59:02   INFO [org.tests.FilterForFilms] : Browser was closed
